// Vitest Snapshot v1, https://vitest.dev/guide/snapshot.html

exports[`表示射影 (en) 1`] = `
[
  "P1 Weekday 106→105trips▼",
  "P1 Daily 11trips",
  "P1 Irregular 28 trips total→16trips▼",
  "P3 町営渡船しんぐう | Daily① 6trips Daily② 5trips",
  "P3 町営渡船しんぐう [Daily①] Old: 3/1–10/31 (245 days) → New: 3/1–10/31 (245 days) (content)",
  "P3 町営渡船しんぐう [Daily②] Old: 11/1–12/31, 1/1–2/28 (120 days) → New: 11/1–12/31, 1/1–2/28 (120 days) (content)",
  "P3 くるりんバス 西砂ルート | Irregular① 28 trips total→16trips▼",
  "P3 くるりんバス 西砂ルート [Irregular①] Old: 2/28, 12/29–12/31 +1 (8 days) → New: 12/29–12/31 +1 (7 days) (flow)",
]
`;

exports[`表示射影 (ja) 1`] = `
[
  "P1 平日 106→105便▼",
  "P1 毎日 11便",
  "P1 特定日 のべ28便→16便▼",
  "P3 町営渡船しんぐう | 毎日① 6便 毎日② 5便",
  "P3 町営渡船しんぐう [毎日①] 旧世代: 3/1〜10/31 (全245日) → 新世代: 3/1〜10/31 (全245日) (content)",
  "P3 町営渡船しんぐう [毎日②] 旧世代: 11/1〜12/31、1/1〜2/28 (全120日) → 新世代: 11/1〜12/31、1/1〜2/28 (全120日) (content)",
  "P3 くるりんバス 西砂ルート | 特定日① のべ28便→16便▼",
  "P3 くるりんバス 西砂ルート [特定日①] 旧世代: 2/28、12/29〜12/31 ほか1区間 (全8日) → 新世代: 12/29〜12/31 ほか1区間 (全7日) (flow)",
]
`;
